// Jest Snapshot v1, https://goo.gl/fbAQLP

exports[`BrowserApp exists 1`] = `
<BrowserRouter
  basename=""
>
  <PlatformApp
    routes={Array []}
    store={Object {}}
  />
</BrowserRouter>
`;
