// Jest Snapshot v1, https://goo.gl/fbAQLP

exports[`connectWithMatchMedia exists 1`] = `
<ConnectWithMatchMedia(TestComponent)
  dispatch={[Function]}
  media={
    Object {
      "isAtSmallUp": true,
    }
  }
/>
`;
