// Jest Snapshot v1, https://goo.gl/fbAQLP

exports[`ServerApp exists 1`] = `
<StaticRouter
  basename=""
  context={Object {}}
  location="/foo"
>
  <PlatformApp
    context={
      Object {
        "basename": "",
      }
    }
    routes={Array []}
    store={Object {}}
  />
</StaticRouter>
`;
