// Jest Snapshot v1, https://goo.gl/fbAQLP

exports[`getInlineStyleTags matches snapshot 1`] = `
<style
  type="text/css"
>
  .foo { overflow: inherit; }
</style>
`;
