// Jest Snapshot v1, https://goo.gl/fbAQLP

exports[`onPreResponse.method returns 500 page 1`] = `"<!DOCTYPE html><html><body><div style=\\"box-sizing:border-box;font-family:sans-serif;position:fixed;padding:10px;top:0px;left:0px;bottom:0px;right:0px;width:100%;background:rgb(204, 0, 0);color:white;z-index:2147483647;text-align:left;font-size:16px;line-height:1.2;overflow:auto\\" data-reactroot=\\"\\"><div style=\\"font-weight:bold\\">Error<!-- -->: <!-- -->foobar</div><div style=\\"font-family:monospace;margin-top:2em\\"><div style=\\"margin-top:1em\\"><div>Object.&lt;anonymous&gt;</div><div style=\\"font-size:0.8em;color:rgba(255, 255, 255, 0.7)\\"><a href=\\"file:///Users/lori/projects/meetup-web-platform/packages/mwp-app-route-plugin/src/route.test.js\\" style=\\"text-decoration:none;color:rgba(255, 255, 255, 0.7)\\">/Users/lori/projects/meetup-web-platform/packages/mwp-app-route-plugin/src/route.test.js:31:29</a></div></div><div style=\\"margin-top:1em\\"><div>Object.asyncFn</div><div style=\\"font-size:0.8em;color:rgba(255, 255, 255, 0.7)\\"><a href=\\"file:///Users/lori/projects/mup-web/node_modules/jest-jasmine2/build/jasmine-async.js\\" style=\\"text-decoration:none;color:rgba(255, 255, 255, 0.7)\\">/Users/lori/projects/mup-web/node_modules/jest-jasmine2/build/jasmine-async.js:68:30</a></div></div><div style=\\"margin-top:1em\\"><div>resolve</div><div style=\\"font-size:0.8em;color:rgba(255, 255, 255, 0.7)\\"><a href=\\"file:///Users/lori/projects/mup-web/node_modules/jest-jasmine2/build/queueRunner.js\\" style=\\"text-decoration:none;color:rgba(255, 255, 255, 0.7)\\">/Users/lori/projects/mup-web/node_modules/jest-jasmine2/build/queueRunner.js:38:12</a></div></div><div style=\\"margin-top:1em\\"><div>mapper</div><div style=\\"font-size:0.8em;color:rgba(255, 255, 255, 0.7)\\"><a href=\\"file:///Users/lori/projects/mup-web/node_modules/jest-jasmine2/build/queueRunner.js\\" style=\\"text-decoration:none;color:rgba(255, 255, 255, 0.7)\\">/Users/lori/projects/mup-web/node_modules/jest-jasmine2/build/queueRunner.js:31:21</a></div></div><div style=\\"margin-top:1em\\"><div>Promise.resolve.then.el</div><div style=\\"font-size:0.8em;color:rgba(255, 255, 255, 0.7)\\"><a href=\\"file:///Users/lori/projects/mup-web/node_modules/p-map/index.js\\" style=\\"text-decoration:none;color:rgba(255, 255, 255, 0.7)\\">/Users/lori/projects/mup-web/node_modules/p-map/index.js:46:16</a></div></div><div style=\\"margin-top:1em\\"><div>process._tickDomainCallback</div><div style=\\"font-size:0.8em;color:rgba(255, 255, 255, 0.7)\\"><a href=\\"file://internal/process/next_tick.js\\" style=\\"text-decoration:none;color:rgba(255, 255, 255, 0.7)\\">internal/process/next_tick.js:228:7</a></div></div></div></div></body></html>"`;
