// Jest Snapshot v1, https://goo.gl/fbAQLP

exports[`BrowserApp exists 1`] = `
ShallowWrapper {
  "complexSelector": ComplexSelector {
    "buildPredicate": [Function],
    "childrenOfNode": [Function],
    "findWhereUnwrapped": [Function],
  },
  "length": 1,
  "node": <BrowserRouter
    basename=""
>
    <PlatformApp
        routes={Array []}
        store={Object {}}
    />
</BrowserRouter>,
  "nodes": Array [
    <BrowserRouter
      basename=""
>
      <PlatformApp
            routes={Array []}
            store={Object {}}
      />
</BrowserRouter>,
  ],
  "options": Object {},
  "renderer": ReactShallowRenderer {
    "_instance": ShallowComponentWrapper {
      "_calledComponentWillUnmount": false,
      "_compositeType": 0,
      "_context": Object {},
      "_currentElement": <BrowserApp
        basename=""
        routes={Array []}
        store={Object {}}
/>,
      "_debugID": 1,
      "_hostContainerInfo": null,
      "_hostParent": null,
      "_instance": BrowserApp {
        "_reactInternalInstance": [Circular],
        "context": Object {},
        "props": Object {
          "basename": "",
          "routes": Array [],
          "store": Object {},
        },
        "refs": Object {},
        "state": null,
        "updater": Object {
          "enqueueCallback": [Function],
          "enqueueCallbackInternal": [Function],
          "enqueueElementInternal": [Function],
          "enqueueForceUpdate": [Function],
          "enqueueReplaceState": [Function],
          "enqueueSetState": [Function],
          "isMounted": [Function],
          "validateCallback": [Function],
        },
      },
      "_mountOrder": 1,
      "_pendingCallbacks": null,
      "_pendingElement": null,
      "_pendingForceUpdate": false,
      "_pendingReplaceState": false,
      "_pendingStateQueue": null,
      "_renderedComponent": NoopInternalComponent {
        "_currentElement": <BrowserRouter
          basename=""
>
          <PlatformApp
                    routes={Array []}
                    store={Object {}}
          />
</BrowserRouter>,
        "_debugID": 2,
        "_renderedOutput": <BrowserRouter
          basename=""
>
          <PlatformApp
                    routes={Array []}
                    store={Object {}}
          />
</BrowserRouter>,
      },
      "_renderedNodeType": 1,
      "_rootNodeID": 0,
      "_topLevelWrapper": null,
      "_updateBatchNumber": null,
      "_warnedAboutRefsInRender": false,
    },
    "getRenderOutput": [Function],
    "render": [Function],
  },
  "root": [Circular],
  "unrendered": <BrowserApp
    basename=""
    routes={Array []}
    store={Object {}}
/>,
}
`;
