// Jest Snapshot v1, https://goo.gl/fbAQLP

exports[`UXCaptureInlineMark renders component markup 1`] = `
<div
  dangerouslySetInnerHTML={
    Object {
      "__html": "
	<script>
		if(window.UX) {
			UX.mark(\\"foo\\");
		}
	</script>
",
    }
  }
/>
`;
