// Jest Snapshot v1, https://goo.gl/fbAQLP

exports[`UXCaptureNewRelicConfig renders correct markup when all props are defined 1`] = `
<Component
  onMark={[Function]}
  onMeasure={[Function]}
/>
`;
